
─────────────────────────────────────────────────────── Stalk Session — castrolturkiye ────────────────────────────────────────────────────────
Resuming from 0 posts

Starting Visit 1 ...
  Plan: 204 posts, 18 min
   (done)
  → opening castrolturkiye profile
  page 1  read           12 posts   (12 total) 
  page 2  distraction    12 posts   (24 total)
  page 3  glance         12 posts   (36 total)
  page 4  read            8 posts   (44 total)
  page 5  read           12 posts   (56 total) 
  (mandatory break)
  (back-scroll)
  page 6  glance         12 posts   (68 total) 
  (back-scroll)
  page 7  distraction    12 posts   (80 total)
  page 8  glance         12 posts   (92 total)
  page 9  distraction    12 posts   (104 total)
  (mandatory break)
  page 10  glance         12 posts   (116 total) 
  (back-scroll)
  page 11  distraction    12 posts   (128 total)
  page 12  glance          7 posts   (135 total)
  page 13  glance         12 posts   (147 total)
  (mandatory break)
  page 14  glance         12 posts   (159 total)
  page 15  distraction    12 posts   (171 total) 
  page 16  glance         12 posts   (183 total)
  (back-scroll)
  page 17  distraction    12 posts   (195 total)
  (mandatory break)
  page 18  glance         12 posts   (204 total)
Visit 1 done — 204 posts collected. Sleeping 34 min.

Starting Visit 2 ...
  Plan: 220 posts, 19 min
   (done)
   (done)
  → opening castrolturkiye profile
  page 1  glance         12 posts   (12 total)
  page 2  distraction    12 posts   (16 total)
Visit 2 done — 16 posts collected. Sleeping 30 min.
